[0m01:50:32.657210 [debug] [MainThread]: Sending event: {'category': 'dbt', 'action': 'invocation', 'label': 'start', 'context': [<snowplow_tracker.self_describing_json.SelfDescribingJson object at 0x00000190DAB60DD0>, <snowplow_tracker.self_describing_json.SelfDescribingJson object at 0x00000190DA899F90>, <snowplow_tracker.self_describing_json.SelfDescribingJson object at 0x00000190DAB626D0>]}


============================== 01:50:32.668198 | 6fcde25f-8103-4ce3-8398-0e77e1bffa2a ==============================
[0m01:50:32.668198 [info ] [MainThread]: Running with dbt=1.11.2
[0m01:50:32.668198 [debug] [MainThread]: running dbt with arguments {'version_check': 'True', 'no_print': 'None', 'static_parser': 'True', 'warn_error_options': 'WarnErrorOptionsV2(error=[], warn=[], silence=[])', 'target_path': 'None', 'printer_width': '80', 'write_json': 'True', 'empty': 'None', 'log_cache_events': 'False', 'introspect': 'True', 'cache_selected_only': 'False', 'log_format': 'default', 'debug': 'False', 'fail_fast': 'False', 'profiles_dir': 'C:\\Users\\nagar\\.dbt', 'send_anonymous_usage_stats': 'True', 'quiet': 'False', 'warn_error': 'None', 'partial_parse': 'True', 'use_colors': 'True', 'invocation_command': 'dbt docs generate', 'indirect_selection': 'eager', 'use_experimental_parser': 'False', 'log_path': 'logs'}
[0m01:50:32.673076 [error] [MainThread]: Encountered an error:
Runtime Error
  No dbt_project.yml found at expected path C:\Users\nagar\Downloads\nhs-prescribing-cost-pipeline-aws-dbt\dbt_project.yml
  Verify that each entry within packages.yml (and their transitive dependencies) contains a file named dbt_project.yml
  
[0m01:50:32.674891 [debug] [MainThread]: Command `dbt docs generate` failed at 01:50:32.674891 after 0.21 seconds
[0m01:50:32.675453 [debug] [MainThread]: Sending event: {'category': 'dbt', 'action': 'invocation', 'label': 'end', 'context': [<snowplow_tracker.self_describing_json.SelfDescribingJson object at 0x00000190DAB74990>, <snowplow_tracker.self_describing_json.SelfDescribingJson object at 0x00000190DAB749D0>, <snowplow_tracker.self_describing_json.SelfDescribingJson object at 0x00000190DAAF7B10>]}
[0m01:50:32.675453 [debug] [MainThread]: Flushing usage events
[0m01:50:33.507446 [debug] [MainThread]: An error was encountered while trying to flush usage events
[0m01:51:07.734524 [debug] [MainThread]: Sending event: {'category': 'dbt', 'action': 'invocation', 'label': 'start', 'context': [<snowplow_tracker.self_describing_json.SelfDescribingJson object at 0x000001D1B338F710>, <snowplow_tracker.self_describing_json.SelfDescribingJson object at 0x000001D1B338F3D0>, <snowplow_tracker.self_describing_json.SelfDescribingJson object at 0x000001D1AFB6AC90>]}


============================== 01:51:07.742551 | cab344cd-bc10-44ca-9169-bb39f719a4b2 ==============================
[0m01:51:07.742551 [info ] [MainThread]: Running with dbt=1.11.2
[0m01:51:07.750712 [debug] [MainThread]: running dbt with arguments {'version_check': 'True', 'no_print': 'None', 'static_parser': 'True', 'target_path': 'None', 'warn_error_options': 'WarnErrorOptionsV2(error=[], warn=[], silence=[])', 'printer_width': '80', 'write_json': 'True', 'introspect': 'True', 'log_cache_events': 'False', 'empty': 'None', 'cache_selected_only': 'False', 'log_format': 'default', 'debug': 'False', 'fail_fast': 'False', 'profiles_dir': 'C:\\Users\\nagar\\.dbt', 'send_anonymous_usage_stats': 'True', 'quiet': 'False', 'warn_error': 'None', 'partial_parse': 'True', 'use_colors': 'True', 'invocation_command': 'dbt docs serve', 'indirect_selection': 'eager', 'use_experimental_parser': 'False', 'log_path': 'logs'}
[0m01:51:07.752248 [error] [MainThread]: Encountered an error:
Runtime Error
  No dbt_project.yml found at expected path C:\Users\nagar\Downloads\nhs-prescribing-cost-pipeline-aws-dbt\dbt_project.yml
  Verify that each entry within packages.yml (and their transitive dependencies) contains a file named dbt_project.yml
  
[0m01:51:07.752248 [debug] [MainThread]: Command `dbt docs serve` failed at 01:51:07.752248 after 0.14 seconds
[0m01:51:07.755109 [debug] [MainThread]: Sending event: {'category': 'dbt', 'action': 'invocation', 'label': 'end', 'context': [<snowplow_tracker.self_describing_json.SelfDescribingJson object at 0x000001D1B335FD50>, <snowplow_tracker.self_describing_json.SelfDescribingJson object at 0x000001D1B335FD10>, <snowplow_tracker.self_describing_json.SelfDescribingJson object at 0x000001D1B33D6910>]}
[0m01:51:07.755109 [debug] [MainThread]: Flushing usage events
[0m01:51:08.540121 [debug] [MainThread]: An error was encountered while trying to flush usage events
[0m01:52:53.317202 [debug] [MainThread]: Sending event: {'category': 'dbt', 'action': 'invocation', 'label': 'start', 'context': [<snowplow_tracker.self_describing_json.SelfDescribingJson object at 0x00000259AC412C50>, <snowplow_tracker.self_describing_json.SelfDescribingJson object at 0x00000259AC3F7D10>, <snowplow_tracker.self_describing_json.SelfDescribingJson object at 0x00000259AC47ED90>]}


============================== 01:52:53.325350 | 93899ebc-03e5-4c60-bb19-c939a9c8e3e7 ==============================
[0m01:52:53.325350 [info ] [MainThread]: Running with dbt=1.11.2
[0m01:52:53.325350 [debug] [MainThread]: running dbt with arguments {'static_parser': 'True', 'no_print': 'None', 'version_check': 'True', 'warn_error_options': 'WarnErrorOptionsV2(error=[], warn=[], silence=[])', 'target_path': 'None', 'printer_width': '80', 'write_json': 'True', 'introspect': 'True', 'log_cache_events': 'False', 'empty': 'None', 'cache_selected_only': 'False', 'fail_fast': 'False', 'debug': 'False', 'log_format': 'default', 'partial_parse': 'True', 'send_anonymous_usage_stats': 'True', 'quiet': 'False', 'warn_error': 'None', 'profiles_dir': 'C:\\Users\\nagar\\.dbt', 'use_colors': 'True', 'indirect_selection': 'eager', 'invocation_command': 'dbt docs generate', 'use_experimental_parser': 'False', 'log_path': 'logs'}
[0m01:52:53.334023 [error] [MainThread]: Encountered an error:
Runtime Error
  No dbt_project.yml found at expected path C:\Users\nagar\Downloads\nhs-prescribing-cost-pipeline-aws-dbt\dbt_project.yml
  Verify that each entry within packages.yml (and their transitive dependencies) contains a file named dbt_project.yml
  
[0m01:52:53.335765 [debug] [MainThread]: Command `dbt docs generate` failed at 01:52:53.335765 after 0.15 seconds
[0m01:52:53.335765 [debug] [MainThread]: Sending event: {'category': 'dbt', 'action': 'invocation', 'label': 'end', 'context': [<snowplow_tracker.self_describing_json.SelfDescribingJson object at 0x00000259AFB6F8D0>, <snowplow_tracker.self_describing_json.SelfDescribingJson object at 0x00000259AFB6FE90>, <snowplow_tracker.self_describing_json.SelfDescribingJson object at 0x00000259AFB6D6D0>]}
[0m01:52:53.337892 [debug] [MainThread]: Flushing usage events
[0m01:52:54.101151 [debug] [MainThread]: An error was encountered while trying to flush usage events
